Thu Sep 24 11:25:26 UTC 2026
ActiveState=active
SubState=running
Result=success
ExecMainStatus=0
MemoryPeak=13149921280
CPUUsageNSec=143457725000
memory.max=34359738368
memory.current=13012914176
memory.peak=13149921280
memory.events=low 0
high 0
max 0
oom 0
oom_kill 0
oom_group_kill 0
sock_throttled 0
pids.current=52
Thu Sep 24 11:27:39 UTC 2026
ActiveState=active
SubState=exited
MainPID=0
Result=success
ExecMainStatus=0
MemoryPeak=13151395840
CPUUsageNSec=230814520000
memory.max=memory.peak=memory.events=pids.current=cgroup.procs=