2026-09-24T11:34:55+00:00
ActiveState=active
SubState=running
MainPID=2627
Result=success
ExecMainStatus=0
MemoryPeak=13165555712
CPUUsageNSec=55981490000
memory.max=34359738368
memory.peak=13165555712
memory.events=low 0
high 0
max 0
oom 0
oom_kill 0
oom_group_kill 0
sock_throttled 0
pids.current=52
cgroup.procs=2627
2631
2026-09-24T11:36:50+00:00
ActiveState=active
SubState=exited
MainPID=0
Result=success
ExecMainStatus=0
MemoryPeak=13174923264
CPUUsageNSec=143104345000
memory.max=cat: /sys/fs/cgroup/system.slice/sv-oc02.service/memory.max: No such file or directory
memory.peak=cat: /sys/fs/cgroup/system.slice/sv-oc02.service/memory.peak: No such file or directory
memory.events=cat: /sys/fs/cgroup/system.slice/sv-oc02.service/memory.events: No such file or directory
pids.current=cat: /sys/fs/cgroup/system.slice/sv-oc02.service/pids.current: No such file or directory
cgroup.procs=cat: /sys/fs/cgroup/system.slice/sv-oc02.service/cgroup.procs: No such file or directory
