   Compiling eio-conversacion v0.2.0 (/workspaces/conversacion-20260924/src)
warning: variable does not need to be mutable
  --> src/supervision.rs:21:18
   |
21 |     pub fn start(mut child:Child, limits:Limits, cancel:Arc<AtomicBool>) -> Self {
   |                  ----^^^^^
   |                  |
   |                  help: remove this `mut`
   |
   = note: `#[warn(unused_mut)]` (part of `#[warn(unused)]`) on by default

warning: `eio-conversacion` (bin "eio-conversacion" test) generated 1 warning (run `cargo fix --bin "eio-conversacion" -p eio-conversacion --tests` to apply 1 suggestion)
    Finished `test` profile [unoptimized + debuginfo] target(s) in 1.47s
     Running unittests src/main.rs (target/debug/deps/eio_conversacion-4257190b01e8a9ff)

running 18 tests
test checks::cierre_con_reserva_y_registro_bloqueado_no_impiden_parada ... ok
test checks::clave_obsoleta_y_cierre_impiden_operar ... ok
test checks::historia_harmony_completa_y_delimitadores_protegidos ... ok
test checks::limites_de_reserva_y_tiempo_explicitos ... ok
test checks::reenvio_confirmado_no_duplica_y_rechaza_colision ... ok
test checks::reinicio_conserva_prefijo_y_cierra_una_sola_vez ... ok
test lifecycle::tests::instancia_exclusiva_y_registro_incompleto ... ok
test model::tests::final_sin_interpretacion ... ok
test observation::tests::identidad_y_archivo_borrado_abierto ... ok
test observation::tests::observador_detecta_fin_sin_declaracion_del_hijo ... ok
test observation::tests::socket_escucha_atribuido_al_proceso ... ok
test store::recovery_tests::prefijo_derivado_y_original_intacto ... ok
test store::recovery_tests::reserva_cierre_y_cuota_agregada ... ok
test store::tests::recuperacion_y_alteracion ... ok
test supervision::tests::auxiliar ... ok
test supervision::tests::causas_reales_y_control_independiente ... ok
test telemetry::tests::fallo_real_de_destino_no_se_oculta ... ok
test telemetry::tests::parentesco_duracion_y_limite_explicito ... ok

test result: ok. 18 passed; 0 failed; 0 ignored; 0 measured; 0 filtered out; finished in 3.33s

   Compiling eio-conversacion v0.2.0 (/workspaces/conversacion-20260924/src)
warning: variable does not need to be mutable
  --> src/supervision.rs:21:18
   |
21 |     pub fn start(mut child:Child, limits:Limits, cancel:Arc<AtomicBool>) -> Self {
   |                  ----^^^^^
   |                  |
   |                  help: remove this `mut`
   |
   = note: `#[warn(unused_mut)]` (part of `#[warn(unused)]`) on by default

warning: associated function `start` is never used
  --> src/supervision.rs:21:12
   |
20 | impl Control {
   | ------------ associated function in this implementation
21 |     pub fn start(mut child:Child, limits:Limits, cancel:Arc<AtomicBool>) -> Self {
   |            ^^^^^
   |
   = note: `#[warn(dead_code)]` (part of `#[warn(unused)]`) on by default

warning: method `trace_id` is never used
  --> src/telemetry.rs:40:25
   |
40 | impl Operation { pub fn trace_id(&self)->&str{&self.trace_id} }
   | --------------          ^^^^^^^^
   | |
   | method in this implementation

warning: `eio-conversacion` (bin "eio-conversacion") generated 3 warnings (run `cargo fix --bin "eio-conversacion" -p eio-conversacion` to apply 1 suggestion)
    Finished `release` profile [optimized] target(s) in 13.05s
    Checking eio-conversacion v0.2.0 (/workspaces/conversacion-20260924/src)
warning: variable does not need to be mutable
  --> src/supervision.rs:21:18
   |
21 |     pub fn start(mut child:Child, limits:Limits, cancel:Arc<AtomicBool>) -> Self {
   |                  ----^^^^^
   |                  |
   |                  help: remove this `mut`
   |
   = note: `#[warn(unused_mut)]` (part of `#[warn(unused)]`) on by default

warning: associated function `start` is never used
  --> src/supervision.rs:21:12
   |
20 | impl Control {
   | ------------ associated function in this implementation
21 |     pub fn start(mut child:Child, limits:Limits, cancel:Arc<AtomicBool>) -> Self {
   |            ^^^^^
   |
   = note: `#[warn(dead_code)]` (part of `#[warn(unused)]`) on by default

warning: method `trace_id` is never used
  --> src/telemetry.rs:40:25
   |
40 | impl Operation { pub fn trace_id(&self)->&str{&self.trace_id} }
   | --------------          ^^^^^^^^
   | |
   | method in this implementation

warning: `eio-conversacion` (bin "eio-conversacion") generated 3 warnings (run `cargo fix --bin "eio-conversacion" -p eio-conversacion` to apply 1 suggestion)
    Finished `dev` profile [unoptimized + debuginfo] target(s) in 0.48s
