   Compiling proc-macro2 v1.0.107
   Compiling unicode-ident v1.0.26
   Compiling quote v1.0.47
   Compiling wasm-bindgen-shared v0.2.104
   Compiling rustversion v1.0.23
   Compiling cfg-if v1.0.5
   Compiling once_cell v1.21.4
   Compiling syn v2.0.119
   Compiling syn v3.0.6
   Compiling log v0.4.34
   Compiling bumpalo v3.20.3
   Compiling wasm-bindgen v0.2.104
   Compiling wasm-bindgen-backend v0.2.104
   Compiling zerocopy v0.8.57
   Compiling getrandom v0.3.4
   Compiling wasm-bindgen-macro-support v0.2.104
   Compiling zerocopy-derive v0.8.57
   Compiling wasm-bindgen-macro v0.2.104
   Compiling libm v0.2.16
   Compiling autocfg v1.5.1
   Compiling crossbeam-utils v0.8.23
   Compiling num-traits v0.2.19
   Compiling rand_core v0.9.5
   Compiling version_check v0.9.5
   Compiling crossbeam-epoch v0.9.21
   Compiling bytemuck_derive v1.12.1
   Compiling ppv-lite86 v0.2.21
   Compiling rand_chacha v0.9.0
   Compiling serde_core v1.0.228
   Compiling crossbeam-deque v0.8.8
   Compiling bytemuck v1.25.2
   Compiling rand v0.9.5
   Compiling rayon-core v1.13.0
   Compiling memchr v2.8.3
   Compiling either v1.18.0
   Compiling paste v1.0.15
   Compiling rayon v1.12.0
   Compiling rand_distr v0.5.1
   Compiling pulp v0.22.3
   Compiling serde v1.0.228
   Compiling half v2.7.1
   Compiling num-complex v0.4.6
   Compiling serde_derive v1.0.228
   Compiling bitflags v2.13.2
   Compiling reborrow v0.5.5
   Compiling dyn-stack-macros v0.1.3
   Compiling pulp-wasm-simd-flag v0.1.1
   Compiling dyn-stack v0.13.2
   Compiling raw-cpuid v11.6.0
   Compiling seq-macro v0.3.6
   Compiling thiserror v2.0.20
   Compiling thiserror-impl v2.0.20
   Compiling gemm-common v0.19.0
   Compiling synstructure v0.14.0
   Compiling fnv v1.0.7
   Compiling ident_case v1.0.1
   Compiling strsim v0.11.1
   Compiling serde_json v1.0.145
   Compiling smallvec v1.16.1
   Compiling itoa v1.0.18
   Compiling ryu v1.0.23
   Compiling equivalent v1.0.2
   Compiling darling_core v0.20.11
   Compiling aho-corasick v1.1.5
   Compiling pin-project-lite v0.2.17
   Compiling libc v0.2.189
   Compiling parking_lot_core v0.9.12
   Compiling regex-syntax v0.8.11
   Compiling crc32fast v1.5.2
   Compiling darling_macro v0.20.11
   Compiling regex-automata v0.4.18
   Compiling zerofrom-derive v0.1.8
   Compiling gemm-f32 v0.19.0
   Compiling stable_deref_trait v1.2.1
   Compiling foldhash v0.2.0
   Compiling futures-core v0.3.34
   Compiling hashbrown v0.17.1
   Compiling bit-vec v0.8.0
   Compiling allocator-api2 v0.2.21
   Compiling fastrand v2.5.0
   Compiling scopeguard v1.2.0
   Compiling lock_api v0.4.14
   Compiling tempfile v3.27.0
   Compiling hashbrown v0.16.1
   Compiling bit-set v0.8.0
   Compiling indexmap v2.14.2
   Compiling gemm-f16 v0.19.0
   Compiling zerofrom v0.1.8
   Compiling darling v0.20.11
   Compiling yoke-derive v0.8.3
   Compiling gemm-f64 v0.19.0
   Compiling gemm-c32 v0.19.0
   Compiling gemm-c64 v0.19.0
   Compiling typed-path v0.12.3
   Compiling futures-sink v0.3.34
   Compiling gemm v0.19.0
   Compiling yoke v0.8.3
   Compiling zip v8.6.0
   Compiling parking_lot v0.12.5
   Compiling num_cpus v1.17.0
   Compiling derive_builder_core v0.20.2
   Compiling safetensors v0.8.0
   Compiling memmap2 v0.9.11
   Compiling float8 v0.7.0
   Compiling ahash v0.8.12
   Compiling futures-macro v0.3.34
   Compiling slab v0.4.12
   Compiling byteorder v1.5.0
   Compiling esaxx-rs v0.1.10
   Compiling futures-task v0.3.34
   Compiling minimal-lexical v0.2.1
   Compiling futures-util v0.3.34
   Compiling nom v7.1.3
   Compiling candle-core v0.11.0 (https://github.com/huggingface/candle?rev=ddf1b879dc3a1760cbcb3f3c4a7c6467850cec4a#ddf1b879)
   Compiling derive_builder_macro v0.20.2
   Compiling itertools v0.14.0
   Compiling js-sys v0.3.81
   Compiling monostate-impl v0.1.18
   Compiling tracing-attributes v0.1.31
   Compiling tracing-core v0.1.36
   Compiling castaway v0.2.4
   Compiling static_assertions v1.1.0
   Compiling pastey v0.2.3
   Compiling macro_rules_attribute-proc_macro v0.2.3
   Compiling base64 v0.13.1
   Compiling unicode-segmentation v1.13.3
   Compiling spm_precompiled v0.1.4
   Compiling macro_rules_attribute v0.2.3
   Compiling compact_str v0.9.1
   Compiling tracing v0.1.44
   Compiling monostate v0.1.18
   Compiling opentelemetry v0.31.0
   Compiling candle-nn v0.11.0 (https://github.com/huggingface/candle?rev=ddf1b879dc3a1760cbcb3f3c4a7c6467850cec4a#ddf1b879)
   Compiling rayon-cond v0.4.0
   Compiling derive_builder v0.20.2
   Compiling futures-executor v0.3.34
   Compiling fancy-regex v0.19.2
   Compiling fancy-regex v0.17.0
   Compiling futures-channel v0.3.34
   Compiling regex v1.13.1
   Compiling unicode-normalization-alignments v0.1.12
   Compiling dary_heap v0.3.9
   Compiling serde_plain v1.0.2
   Compiling daachorse v1.0.1
   Compiling percent-encoding v2.3.2
   Compiling unicode_categories v0.1.1
   Compiling tokenizers v0.23.1
   Compiling opentelemetry_sdk v0.31.0
   Compiling candle-transformers v0.11.0 (https://github.com/huggingface/candle?rev=ddf1b879dc3a1760cbcb3f3c4a7c6467850cec4a#ddf1b879)
   Compiling eio-candidato v0.1.0 (/home/runner/work/SV-motor/SV-motor/laboratorio/ensayo-ia-y-observabilidad/resultados/preparacion-navegador-02)
    Finished `release` profile [optimized] target(s) in 1m 54s
