    Updating crates.io index
 Downloading crates ...
  Downloaded wasm-bindgen-cli v0.2.104
  Installing wasm-bindgen-cli v0.2.104
    Updating crates.io index
    Updating crates.io index
 Downloading crates ...
  Downloaded adler2 v2.0.1
  Downloaded anstyle-query v1.1.4
  Downloaded anyhow v1.0.100
  Downloaded alloc-no-stdlib v2.0.4
  Downloaded anstyle v1.0.11
  Downloaded alloc-stdlib v0.2.2
  Downloaded base64 v0.22.1
  Downloaded anstream v0.6.20
  Downloaded anstyle-parse v0.2.7
  Downloaded autocfg v1.5.0
  Downloaded webpki-roots v0.26.11
  Downloaded bitflags v2.9.4
  Downloaded ascii v1.1.0
  Downloaded crossbeam-epoch v0.9.18
  Downloaded chunked_transfer v1.5.0
  Downloaded colorchoice v1.0.4
  Downloaded cfg-if v1.0.3
  Downloaded is_terminal_polyfill v1.70.1
  Downloaded form_urlencoded v1.2.2
  Downloaded fastrand v2.3.0
  Downloaded env_filter v0.1.3
  Downloaded id-arena v2.2.1
  Downloaded leb128 v0.2.5
  Downloaded serde_derive v1.0.226
  Downloaded potential_utf v0.1.3
  Downloaded num_threads v0.1.7
  Downloaded utf8_iter v1.0.4
  Downloaded httpdate v1.0.3
  Downloaded itoa v1.0.15
  Downloaded yoke-derive v0.8.0
  Downloaded zerofrom-derive v0.1.6
  Downloaded proc-macro2 v1.0.101
  Downloaded quick-error v1.2.3
  Downloaded idna_adapter v1.2.1
  Downloaded buf_redux v0.8.4
  Downloaded mime v0.3.17
  Downloaded num-conv v0.1.0
  Downloaded time-core v0.1.6
  Downloaded utf8parse v0.2.2
  Downloaded subtle v2.6.1
  Downloaded safemem v0.3.3
  Downloaded sha1_smol v1.0.1
  Downloaded deranged v0.5.4
  Downloaded threadpool v1.8.1
  Downloaded env_logger v0.11.8
  Downloaded clap_lex v0.7.5
  Downloaded crossbeam-deque v0.8.6
  Downloaded find-msvc-tools v0.1.2
  Downloaded rand_core v0.6.4
  Downloaded filetime v0.2.26
  Downloaded rand_chacha v0.3.1
  Downloaded serde v1.0.226
  Downloaded httparse v1.10.1
  Downloaded clap_derive v4.5.47
  Downloaded either v1.15.0
  Downloaded powerfmt v0.2.0
  Downloaded stable_deref_trait v1.2.0
  Downloaded walrus-macro v0.22.0
  Downloaded zerofrom v0.1.6
  Downloaded synstructure v0.13.2
  Downloaded untrusted v0.9.0
  Downloaded quote v1.0.40
  Downloaded semver v1.0.27
  Downloaded shlex v1.3.0
  Downloaded twoway v0.1.8
  Downloaded unicase v2.8.1
  Downloaded zeroize v1.8.1
  Downloaded zerovec-derive v0.11.1
  Downloaded mime_guess v2.0.5
  Downloaded tinystr v0.8.1
  Downloaded getrandom v0.2.16
  Downloaded iana-time-zone v0.1.64
  Downloaded crc32fast v1.5.0
  Downloaded crossbeam-utils v0.8.21
  Downloaded displaydoc v0.2.5
  Downloaded smallvec v1.15.1
  Downloaded litemap v0.8.0
  Downloaded once_cell v1.21.3
  Downloaded ryu v1.0.20
  Downloaded indexmap v1.9.3
  Downloaded rustc-demangle v0.1.26
  Downloaded fallible-iterator v0.2.0
  Downloaded getrandom v0.3.3
  Downloaded icu_properties v2.0.1
  Downloaded icu_provider v2.0.0
  Downloaded icu_normalizer_data v2.0.0
  Downloaded log v0.4.28
  Downloaded multipart v0.18.0
  Downloaded serde_core v1.0.226
  Downloaded writeable v0.6.1
  Downloaded tempfile v3.23.0
  Downloaded unicode-ident v1.0.19
  Downloaded flate2 v1.1.2
  Downloaded icu_locale_core v2.0.0
  Downloaded clap v4.5.48
  Downloaded icu_normalizer v2.0.0
  Downloaded miniz_oxide v0.8.9
  Downloaded rustls-pki-types v1.12.0
  Downloaded wasm-encoder v0.214.0
  Downloaded cc v1.2.38
  Downloaded icu_collections v2.0.0
  Downloaded indexmap v2.11.4
  Downloaded memchr v2.7.5
  Downloaded rouille v3.6.2
  Downloaded rustls-webpki v0.103.6
  Downloaded brotli-decompressor v4.0.3
  Downloaded hashbrown v0.12.3
  Downloaded rand v0.8.5
  Downloaded yoke v0.8.0
  Downloaded tiny_http v0.12.0
  Downloaded aho-corasick v1.1.3
  Downloaded idna v1.1.0
  Downloaded zerotrie v0.2.2
  Downloaded hashbrown v0.14.5
  Downloaded hashbrown v0.16.0
  Downloaded regex v1.11.2
  Downloaded clap_builder v4.5.48
  Downloaded icu_properties_data v2.0.1
  Downloaded url v2.5.7
  Downloaded rayon v1.11.0
  Downloaded chrono v0.4.42
  Downloaded ureq v2.12.1
  Downloaded zerovec v0.11.4
  Downloaded wasm-bindgen-cli-support v0.2.104
  Downloaded wasmparser v0.214.0
  Downloaded rustls v0.23.32
  Downloaded time v0.3.44
  Downloaded regex-syntax v0.8.6
  Downloaded rustix v1.1.2
  Downloaded walrus v0.23.3
  Downloaded zerocopy v0.8.27
  Downloaded webpki-roots v1.0.2
  Downloaded syn v2.0.106
  Downloaded regex-automata v0.4.10
  Downloaded jiff v0.2.15
  Downloaded gimli v0.26.2
  Downloaded libc v0.2.176
  Downloaded ring v0.17.14
  Downloaded linux-raw-sys v0.11.0
   Compiling proc-macro2 v1.0.101
   Compiling unicode-ident v1.0.19
   Compiling cfg-if v1.0.3
   Compiling libc v0.2.176
   Compiling stable_deref_trait v1.2.0
   Compiling quote v1.0.40
   Compiling syn v2.0.106
   Compiling serde_core v1.0.226
   Compiling zerocopy v0.8.27
   Compiling memchr v2.7.5
   Compiling autocfg v1.5.0
   Compiling synstructure v0.13.2
   Compiling zerovec-derive v0.11.1
   Compiling zerofrom-derive v0.1.6
   Compiling yoke-derive v0.8.0
   Compiling zerofrom v0.1.6
   Compiling displaydoc v0.2.5
   Compiling yoke v0.8.0
   Compiling zerovec v0.11.4
   Compiling once_cell v1.21.3
   Compiling tinystr v0.8.1
   Compiling getrandom v0.2.16
   Compiling serde v1.0.226
   Compiling log v0.4.28
   Compiling crossbeam-utils v0.8.21
   Compiling writeable v0.6.1
   Compiling litemap v0.8.0
   Compiling icu_locale_core v2.0.0
   Compiling potential_utf v0.1.3
   Compiling zerotrie v0.2.2
   Compiling serde_derive v1.0.226
   Compiling icu_properties_data v2.0.1
   Compiling icu_normalizer_data v2.0.0
   Compiling shlex v1.3.0
   Compiling find-msvc-tools v0.1.2
   Compiling cc v1.2.38
   Compiling icu_provider v2.0.0
   Compiling icu_collections v2.0.0
   Compiling version_check v0.9.5
   Compiling bitflags v2.9.4
   Compiling ahash v0.8.12
   Compiling crossbeam-epoch v0.9.18
   Compiling ring v0.17.14
   Compiling zeroize v1.8.1
   Compiling rayon-core v1.13.0
   Compiling smallvec v1.15.1
   Compiling rustls-pki-types v1.12.0
   Compiling icu_normalizer v2.0.0
   Compiling icu_properties v2.0.1
   Compiling crossbeam-deque v0.8.6
   Compiling indexmap v1.9.3
   Compiling utf8parse v0.2.2
   Compiling heck v0.5.0
   Compiling rustix v1.1.2
   Compiling getrandom v0.3.3
   Compiling unicase v2.8.1
   Compiling mime_guess v2.0.5
   Compiling anstyle-parse v0.2.7
   Compiling idna_adapter v1.2.1
   Compiling ppv-lite86 v0.2.21
   Compiling rand_core v0.6.4
   Compiling num-traits v0.2.19
   Compiling aho-corasick v1.1.3
   Compiling hashbrown v0.12.3
   Compiling linux-raw-sys v0.11.0
   Compiling untrusted v0.9.0
   Compiling hashbrown v0.16.0
   Compiling equivalent v1.0.2
   Compiling utf8_iter v1.0.4
   Compiling serde_json v1.0.145
   Compiling anyhow v1.0.100
   Compiling httparse v1.10.1
   Compiling is_terminal_polyfill v1.70.1
   Compiling either v1.15.0
   Compiling colorchoice v1.0.4
   Compiling regex-syntax v0.8.6
   Compiling crc32fast v1.5.0
   Compiling percent-encoding v2.3.2
   Compiling anstyle-query v1.1.4
   Compiling anstyle v1.0.11
   Compiling anstream v0.6.20
   Compiling form_urlencoded v1.2.2
   Compiling regex-automata v0.4.10
   Compiling rayon v1.11.0
   Compiling idna v1.1.0
   Compiling indexmap v2.11.4
   Compiling rand_chacha v0.3.1
   Compiling hashbrown v0.14.5
   Compiling leb128 v0.2.5
   Compiling rustls v0.23.32
   Compiling itoa v1.0.15
   Compiling alloc-no-stdlib v2.0.4
   Compiling mime v0.3.17
   Compiling semver v1.0.27
   Compiling fastrand v2.3.0
   Compiling ryu v1.0.20
   Compiling safemem v0.3.3
   Compiling powerfmt v0.2.0
   Compiling fallible-iterator v0.2.0
   Compiling wasm-bindgen-shared v0.2.104
   Compiling adler2 v2.0.1
   Compiling gimli v0.26.2
   Compiling miniz_oxide v0.8.9
   Compiling deranged v0.5.4
   Compiling buf_redux v0.8.4
   Compiling tempfile v3.23.0
   Compiling wasmparser v0.214.0
   Compiling alloc-stdlib v0.2.2
   Compiling wasm-encoder v0.214.0
   Compiling rand v0.8.5
   Compiling url v2.5.7
   Compiling id-arena v2.2.1
   Compiling rustls-webpki v0.103.6
   Compiling regex v1.11.2
   Compiling walrus-macro v0.22.0
   Compiling webpki-roots v1.0.2
   Compiling twoway v0.1.8
   Compiling num_cpus v1.17.0
   Compiling base64 v0.22.1
   Compiling strsim v0.11.1
   Compiling clap_lex v0.7.5
   Compiling quick-error v1.2.3
   Compiling subtle v2.6.1
   Compiling iana-time-zone v0.1.64
   Compiling ascii v1.1.0
   Compiling httpdate v1.0.3
   Compiling time-core v0.1.6
   Compiling chunked_transfer v1.5.0
   Compiling num-conv v0.1.0
   Compiling num_threads v0.1.7
   Compiling time v0.3.44
   Compiling tiny_http v0.12.0
   Compiling chrono v0.4.42
   Compiling multipart v0.18.0
   Compiling clap_builder v4.5.48
   Compiling threadpool v1.8.1
   Compiling webpki-roots v0.26.11
   Compiling walrus v0.23.3
   Compiling flate2 v1.1.2
   Compiling env_filter v0.1.3
   Compiling brotli-decompressor v4.0.3
   Compiling clap_derive v4.5.47
   Compiling filetime v0.2.26
   Compiling jiff v0.2.15
   Compiling rustc-demangle v0.1.26
   Compiling sha1_smol v1.0.1
   Compiling base64 v0.13.1
   Compiling rouille v3.6.2
   Compiling wasm-bindgen-cli-support v0.2.104
   Compiling env_logger v0.11.8
   Compiling clap v4.5.48
   Compiling ureq v2.12.1
   Compiling wasm-bindgen-cli v0.2.104
    Finished `release` profile [optimized] target(s) in 1m 29s
warning: the following packages contain code that will be rejected by a future version of Rust: buf_redux v0.8.4, multipart v0.18.0
note: to see what the problems were, use the option `--future-incompat-report`, or run `cargo report future-incompatibilities --id 1`
  Installing /home/runner/work/_temp/eio/bindgen/bin/wasm-bindgen
  Installing /home/runner/work/_temp/eio/bindgen/bin/wasm-bindgen-test-runner
  Installing /home/runner/work/_temp/eio/bindgen/bin/wasm2es6js
   Installed package `wasm-bindgen-cli v0.2.104` (executables `wasm-bindgen`, `wasm-bindgen-test-runner`, `wasm2es6js`)
warning: be sure to add `/home/runner/work/_temp/eio/bindgen/bin` to your PATH to be able to run the installed binaries
