   Compiling eio-conversacion v0.1.3 (/workspaces/eio-conversacion-0.1.3/laboratorio/ensayo-ia-y-observabilidad/conversacion-nativa)
warning: value assigned to `raw` is never read
  --> src/model.rs:37:119
   |
37 |   let mut logits=logits.ok_or("Contexto vacío")?;let mut generated=Vec::new();let mut last=Instant::now();let mut raw=String::new();le...
   |                                                                                                                       ^^^^^^^^^^^^^ this value is reassigned later and never used
...
46 |     raw=tokenizer.decode(&generated,false).map_err(|e|e.to_string())?;
   |     --- `raw` is overwritten here before the previous value is read
   |
   = note: `#[warn(unused_assignments)]` (part of `#[warn(unused)]`) on by default

warning: value assigned to `status` is never read
   --> src/main.rs:109:49
    |
109 | ...status=None;
    |           ^^^^ this value is reassigned later and never used
...
113 | ...into();let _=child.kill();status=Some(child.wait()?);break}
    |                              -------------------------- `status` is overwritten here before the previous value is read

warning: method `trace_id` is never used
  --> src/telemetry.rs:40:25
   |
40 | impl Operation { pub fn trace_id(&self)->&str{&self.trace_id} }
   | --------------          ^^^^^^^^
   | |
   | method in this implementation
   |
   = note: `#[warn(dead_code)]` (part of `#[warn(unused)]`) on by default

warning: `eio-conversacion` (bin "eio-conversacion") generated 3 warnings
    Finished `release` profile [optimized] target(s) in 31.69s
