   Compiling eio-conversacion v0.1.3 (/workspaces/eio-conversacion-0.1.3/laboratorio/ensayo-ia-y-observabilidad/conversacion-nativa)
warning: value assigned to `raw` is never read
  --> src/model.rs:37:119
   |
37 |   let mut logits=logits.ok_or("Contexto vacío")?;let mut generated=Vec::new();let mut last=Instant::now();let mut raw=String::new();le...
   |                                                                                                                       ^^^^^^^^^^^^^ this value is reassigned later and never used
...
46 |     raw=tokenizer.decode(&generated,false).map_err(|e|e.to_string())?;
   |     --- `raw` is overwritten here before the previous value is read
   |
   = note: `#[warn(unused_assignments)]` (part of `#[warn(unused)]`) on by default

warning: value assigned to `status` is never read
   --> src/main.rs:109:49
    |
109 | ...status=None;
    |           ^^^^ this value is reassigned later and never used
...
113 | ...into();let _=child.kill();status=Some(child.wait()?);break}
    |                              -------------------------- `status` is overwritten here before the previous value is read

warning: `eio-conversacion` (bin "eio-conversacion" test) generated 2 warnings
    Finished `release` profile [optimized] target(s) in 12.84s
     Running unittests src/main.rs (/workspaces/eio-instalacion-nativa-20260922/target/release/deps/eio_conversacion-75ff02633b6599f4)

running 11 tests
test checks::clave_obsoleta_y_cierre_impiden_operar ... ok
test checks::reenvio_confirmado_no_duplica_y_rechaza_colision ... ok
test checks::reinicio_conserva_prefijo_y_cierra_una_sola_vez ... ok
test model::tests::texto_y_razonamiento ... ok
test lifecycle::tests::instancia_exclusiva_y_registro_incompleto ... ok
test observation::tests::identidad_y_archivo_borrado_abierto ... ok
test observation::tests::socket_escucha_atribuido_al_proceso ... ok
test store::tests::recuperacion_y_alteracion ... ok
test telemetry::tests::fallo_real_de_destino_no_se_oculta ... ok
test telemetry::tests::parentesco_duracion_y_limite_explicito ... ok
test observation::tests::observador_detecta_fin_sin_declaracion_del_hijo ... ok

test result: ok. 11 passed; 0 failed; 0 ignored; 0 measured; 0 filtered out; finished in 1.01s

