   Compiling proc-macro2 v1.0.107
   Compiling quote v1.0.47
   Compiling unicode-ident v1.0.26
   Compiling libc v0.2.189
   Compiling syn v2.0.119
   Compiling syn v3.0.6
   Compiling cfg-if v1.0.5
   Compiling version_check v0.9.5
   Compiling getrandom v0.3.4
   Compiling zerocopy v0.8.57
   Compiling zerocopy-derive v0.8.57
   Compiling crossbeam-utils v0.8.23
   Compiling autocfg v1.5.1
   Compiling serde_core v1.0.228
   Compiling libm v0.2.16
   Compiling num-traits v0.2.19
   Compiling rand_core v0.9.5
   Compiling crossbeam-epoch v0.9.21
   Compiling ppv-lite86 v0.2.21
   Compiling rand_chacha v0.9.0
   Compiling bytemuck_derive v1.12.1
   Compiling once_cell v1.21.4
   Compiling crossbeam-deque v0.8.8
   Compiling bitflags v2.13.2
   Compiling bytemuck v1.25.2
   Compiling rand v0.9.5
   Compiling rayon-core v1.13.0
   Compiling itoa v1.0.18
   Compiling memchr v2.8.3
   Compiling either v1.18.0
   Compiling paste v1.0.15
   Compiling pin-project-lite v0.2.17
   Compiling rayon v1.12.0
   Compiling rand_distr v0.5.1
   Compiling pulp v0.22.3
   Compiling serde v1.0.228
   Compiling half v2.7.1
   Compiling num-complex v0.4.6
   Compiling raw-cpuid v11.6.0
   Compiling serde_derive v1.0.228
   Compiling dyn-stack-macros v0.1.3
   Compiling reborrow v0.5.5
   Compiling pulp-wasm-simd-flag v0.1.1
   Compiling futures-core v0.3.34
   Compiling dyn-stack v0.13.2
   Compiling smallvec v1.16.1
   Compiling strsim v0.11.1
   Compiling ident_case v1.0.1
   Compiling seq-macro v0.3.6
   Compiling fnv v1.0.7
   Compiling darling_core v0.20.11
   Compiling gemm-common v0.19.0
   Compiling darling_macro v0.20.11
   Compiling aho-corasick v1.1.5
   Compiling rustversion v1.0.23
   Compiling ryu v1.0.23
   Compiling serde_json v1.0.145
   Compiling regex-syntax v0.8.11
   Compiling thiserror v2.0.20
   Compiling regex-automata v0.4.18
   Compiling darling v0.20.11
   Compiling thiserror-impl v2.0.20
   Compiling synstructure v0.14.0
   Compiling bytes v1.12.1
   Compiling bit-vec v0.8.0
   Compiling getrandom v0.4.3
   Compiling equivalent v1.0.2
   Compiling rustix v1.1.5
   Compiling bit-set v0.8.0
   Compiling http v1.5.0
   Compiling derive_builder_core v0.20.2
   Compiling generic-array v0.14.7
   Compiling ahash v0.8.12
   Compiling errno v0.3.14
   Compiling esaxx-rs v0.1.10
   Compiling crc32fast v1.5.2
   Compiling linux-raw-sys v0.12.1
   Compiling parking_lot_core v0.9.12
   Compiling minimal-lexical v0.2.1
   Compiling futures-sink v0.3.34
   Compiling nom v7.1.3
   Compiling signal-hook-registry v1.4.8
   Compiling castaway v0.2.4
   Compiling derive_builder_macro v0.20.2
   Compiling http-body v1.1.0
   Compiling zerofrom-derive v0.1.8
   Compiling gemm-f32 v0.19.0
   Compiling itertools v0.14.0
   Compiling tokio-macros v2.7.2
   Compiling futures-macro v0.3.34
   Compiling monostate-impl v0.1.18
   Compiling socket2 v0.6.5
   Compiling mio v1.2.3
   Compiling httparse v1.10.1
   Compiling foldhash v0.2.0
   Compiling hashbrown v0.17.1
   Compiling unicode-segmentation v1.13.3
   Compiling fastrand v2.5.0
   Compiling slab v0.4.12
   Compiling stable_deref_trait v1.2.1
   Compiling allocator-api2 v0.2.21
   Compiling base64 v0.13.1
   Compiling macro_rules_attribute-proc_macro v0.2.3
   Compiling pastey v0.2.3
   Compiling futures-task v0.3.34
   Compiling typenum v1.20.1
   Compiling scopeguard v1.2.0
   Compiling static_assertions v1.1.0
   Compiling compact_str v0.9.1
   Compiling lock_api v0.4.14
   Compiling macro_rules_attribute v0.2.3
   Compiling futures-util v0.3.34
   Compiling hashbrown v0.16.1
   Compiling spm_precompiled v0.1.4
   Compiling tempfile v3.27.0
   Compiling indexmap v2.14.2
   Compiling tokio v1.53.1
   Compiling monostate v0.1.18
   Compiling rayon-cond v0.4.0
   Compiling zerofrom v0.1.8
   Compiling gemm-f16 v0.19.0
   Compiling derive_builder v0.20.2
   Compiling fancy-regex v0.17.0
   Compiling yoke-derive v0.8.3
   Compiling regex v1.13.1
   Compiling gemm-c32 v0.19.0
   Compiling gemm-f64 v0.19.0
   Compiling gemm-c64 v0.19.0
   Compiling unicode-normalization-alignments v0.1.12
   Compiling dary_heap v0.3.9
   Compiling futures-channel v0.3.34
   Compiling typed-path v0.12.3
   Compiling unicode_categories v0.1.1
   Compiling tower-service v0.3.3
   Compiling log v0.4.34
   Compiling daachorse v1.0.1
   Compiling tokenizers v0.23.1
   Compiling zip v8.6.0
   Compiling gemm v0.19.0
   Compiling yoke v0.8.3
   Compiling parking_lot v0.12.5
   Compiling safetensors v0.8.0
   Compiling memmap2 v0.9.11
   Compiling float8 v0.7.0
   Compiling num_cpus v1.17.0
   Compiling atomic-waker v1.1.2
   Compiling tower-layer v0.3.3
   Compiling byteorder v1.5.0
   Compiling cfg_aliases v0.2.2
   Compiling httpdate v1.0.3
   Compiling sync_wrapper v1.0.2
   Compiling hyper v1.11.1
   Compiling nix v0.31.3
   Compiling candle-core v0.11.0 (https://github.com/huggingface/candle?rev=ddf1b879dc3a1760cbcb3f3c4a7c6467850cec4a#ddf1b879)
   Compiling crypto-common v0.1.7
   Compiling block-buffer v0.10.4
   Compiling http-body-util v0.1.5
   Compiling tracing-core v0.1.36
   Compiling tracing-attributes v0.1.31
   Compiling percent-encoding v2.3.2
   Compiling mime v0.3.17
   Compiling axum-core v0.5.6
   Compiling tracing v0.1.44
   Compiling digest v0.10.7
   Compiling candle-nn v0.11.0 (https://github.com/huggingface/candle?rev=ddf1b879dc3a1760cbcb3f3c4a7c6467850cec4a#ddf1b879)
error: failed to build archive at `<directorio-de-compilacion>/target/release/deps/libcandle_nn-3865f4ec0a985aaa.rlib`: failed to map object file: memory map must have a non-zero length

error: could not compile `candle-nn` (lib) due to 1 previous error
warning: build failed, waiting for other jobs to finish...
