    Updating git repository `https://github.com/huggingface/candle`
    Updating crates.io index
 Downloading crates ...
  Downloaded unicode-ident v1.0.26
  Downloaded wasm-bindgen-macro v0.2.104
  Downloaded wasm-bindgen v0.2.104
  Downloaded wasm-bindgen-shared v0.2.104
  Downloaded wasm-bindgen-macro-support v0.2.104
  Downloaded monostate v0.1.18
  Downloaded rustversion v1.0.23
  Downloaded cfg-if v1.0.5
  Downloaded bit-set v0.8.0
  Downloaded serde_plain v1.0.2
  Downloaded errno v0.3.14
  Downloaded futures-core v0.3.34
  Downloaded rayon-cond v0.4.0
  Downloaded bitflags v2.13.2
  Downloaded itoa v1.0.18
  Downloaded futures-task v0.3.34
  Downloaded darling_macro v0.20.11
  Downloaded castaway v0.2.4
  Downloaded crunchy v0.2.4
  Downloaded strsim v0.11.1
  Downloaded percent-encoding v2.3.2
  Downloaded ident_case v1.0.1
  Downloaded macro_rules_attribute-proc_macro v0.2.3
  Downloaded version_check v0.9.5
  Downloaded futures-sink v0.3.34
  Downloaded thiserror v2.0.20
  Downloaded smallvec v1.16.1
  Downloaded thiserror-impl v2.0.20
  Downloaded crossbeam-deque v0.8.8
  Downloaded reborrow v0.5.5
  Downloaded gemm-c64 v0.19.0
  Downloaded macro_rules_attribute v0.2.3
  Downloaded fnv v1.0.7
  Downloaded futures-macro v0.3.34
  Downloaded monostate-impl v0.1.18
  Downloaded rand_chacha v0.9.0
  Downloaded bit-vec v0.8.0
  Downloaded derive_builder_core v0.20.2
  Downloaded quote v1.0.47
  Downloaded ppv-lite86 v0.2.21
  Downloaded pastey v0.2.3
  Downloaded windows-link v0.2.1
  Downloaded num_cpus v1.17.0
  Downloaded gemm-f32 v0.19.0
  Downloaded derive_builder_macro v0.20.2
  Downloaded zerofrom v0.1.8
  Downloaded same-file v1.0.6
  Downloaded gemm-f64 v0.19.0
  Downloaded scopeguard v1.2.0
  Downloaded static_assertions v1.1.0
  Downloaded pin-project-lite v0.2.17
  Downloaded paste v1.0.15
  Downloaded dary_heap v0.3.9
  Downloaded wasm-bindgen-backend v0.2.104
  Downloaded either v1.18.0
  Downloaded slab v0.4.12
  Downloaded futures-executor v0.3.34
  Downloaded autocfg v1.5.1
  Downloaded derive_builder v0.20.2
  Downloaded dyn-stack-macros v0.1.3
  Downloaded seq-macro v0.3.6
  Downloaded zerofrom-derive v0.1.8
  Downloaded yoke-derive v0.8.3
  Downloaded winapi-util v0.1.11
  Downloaded bytemuck_derive v1.12.1
  Downloaded daachorse v1.0.1
  Downloaded ahash v0.8.12
  Downloaded r-efi v6.0.0
  Downloaded darling v0.20.11
  Downloaded tracing-attributes v0.1.31
  Downloaded futures-channel v0.3.34
  Downloaded serde_core v1.0.228
  Downloaded crossbeam-epoch v0.9.21
  Downloaded js-sys v0.3.81
  Downloaded num-traits v0.2.19
  Downloaded proc-macro2 v1.0.107
  Downloaded tracing-core v0.1.36
  Downloaded log v0.4.34
  Downloaded once_cell v1.21.4
  Downloaded ryu v1.0.23
  Downloaded unicode_categories v0.1.1
  Downloaded serde_derive v1.0.228
  Downloaded getrandom v0.3.4
  Downloaded r-efi v5.3.0
  Downloaded crossbeam-utils v0.8.23
  Downloaded wit-bindgen v0.57.1
  Downloaded darling_core v0.20.11
  Downloaded bumpalo v3.20.3
  Downloaded unicode-segmentation v1.13.3
  Downloaded base64 v0.13.1
  Downloaded equivalent v1.0.2
  Downloaded heck v0.5.0
  Downloaded pulp-wasm-simd-flag v0.1.1
  Downloaded stable_deref_trait v1.2.1
  Downloaded enum-as-inner v0.6.1
  Downloaded gemm-c32 v0.19.0
  Downloaded walkdir v2.5.0
  Downloaded gemm-f16 v0.19.0
  Downloaded synstructure v0.14.0
  Downloaded gemm-common v0.19.0
  Downloaded thiserror v1.0.69
  Downloaded thiserror-impl v1.0.69
  Downloaded hermit-abi v0.5.3
  Downloaded lock_api v0.4.14
  Downloaded byteorder v1.5.0
  Downloaded rand_core v0.9.5
  Downloaded minimal-lexical v0.2.1
  Downloaded float8 v0.7.0
  Downloaded unicode-normalization-alignments v0.1.12
  Downloaded compact_str v0.9.1
  Downloaded serde v1.0.228
  Downloaded opentelemetry v0.31.0
  Downloaded rayon-core v1.13.0
  Downloaded zerocopy-derive v0.8.57
  Downloaded fancy-regex v0.17.0
  Downloaded rand v0.9.5
  Downloaded foldhash v0.2.0
  Downloaded sysctl v0.6.0
  Downloaded nom v7.1.3
  Downloaded memchr v2.8.3
  Downloaded tokenizers v0.23.1
  Downloaded wasip2 v1.0.4+wasi-0.2.12
  Downloaded redox_syscall v0.5.18
  Downloaded getrandom v0.4.3
  Downloaded fastrand v2.5.0
  Downloaded num-complex v0.4.6
  Downloaded yoke v0.8.3
  Downloaded parking_lot_core v0.9.12
  Downloaded dyn-stack v0.13.2
  Downloaded safetensors v0.8.0
  Downloaded memmap2 v0.9.11
  Downloaded gemm v0.19.0
  Downloaded serde_json v1.0.145
  Downloaded itertools v0.14.0
  Downloaded esaxx-rs v0.1.10
  Downloaded half v2.7.1
  Downloaded crc32fast v1.5.2
  Downloaded tempfile v3.27.0
  Downloaded regex v1.13.1
  Downloaded rayon v1.12.0
  Downloaded aho-corasick v1.1.5
  Downloaded futures-util v0.3.34
  Downloaded opentelemetry_sdk v0.31.0
  Downloaded zerocopy v0.8.57
  Downloaded syn v2.0.119
  Downloaded syn v3.0.6
  Downloaded regex-syntax v0.8.11
  Downloaded tracing v0.1.44
  Downloaded spm_precompiled v0.1.4
  Downloaded regex-automata v0.4.18
  Downloaded rand_distr v0.5.1
  Downloaded libm v0.2.16
  Downloaded bytemuck v1.25.2
  Downloaded parking_lot v0.12.5
  Downloaded allocator-api2 v0.2.21
  Downloaded typed-path v0.12.3
  Downloaded raw-cpuid v11.6.0
  Downloaded indexmap v2.14.2
  Downloaded libc v0.2.189
  Downloaded windows-sys v0.61.2
  Downloaded zip v8.6.0
  Downloaded hashbrown v0.16.1
  Downloaded hashbrown v0.17.1
  Downloaded pulp v0.22.3
  Downloaded fancy-regex v0.19.2
  Downloaded rustix v1.1.5
  Downloaded linux-raw-sys v0.12.1
