    Updating crates.io index
 Downloading crates ...
  Downloaded wasm-bindgen-cli v0.2.104
  Installing wasm-bindgen-cli v0.2.104
    Updating crates.io index
    Updating crates.io index
 Downloading crates ...
  Downloaded adler2 v2.0.1
  Downloaded alloc-no-stdlib v2.0.4
  Downloaded alloc-stdlib v0.2.2
  Downloaded anstream v0.6.20
  Downloaded aho-corasick v1.1.3
  Downloaded bitflags v2.9.4
  Downloaded anyhow v1.0.100
  Downloaded colorchoice v1.0.4
  Downloaded utf8parse v0.2.2
  Downloaded autocfg v1.5.0
  Downloaded form_urlencoded v1.2.2
  Downloaded cfg-if v1.0.3
  Downloaded clap_derive v4.5.47
  Downloaded fastrand v2.3.0
  Downloaded id-arena v2.2.1
  Downloaded anstyle v1.0.11
  Downloaded httpdate v1.0.3
  Downloaded num-conv v0.1.0
  Downloaded serde_derive v1.0.226
  Downloaded walrus-macro v0.22.0
  Downloaded rand_chacha v0.3.1
  Downloaded quick-error v1.2.3
  Downloaded idna_adapter v1.2.1
  Downloaded buf_redux v0.8.4
  Downloaded chunked_transfer v1.5.0
  Downloaded mime v0.3.17
  Downloaded is_terminal_polyfill v1.70.1
  Downloaded leb128 v0.2.5
  Downloaded zerofrom-derive v0.1.6
  Downloaded env_filter v0.1.3
  Downloaded anstyle-query v1.1.4
  Downloaded itoa v1.0.15
  Downloaded yoke-derive v0.8.0
  Downloaded clap_lex v0.7.5
  Downloaded num_threads v0.1.7
  Downloaded threadpool v1.8.1
  Downloaded zerofrom v0.1.6
  Downloaded untrusted v0.9.0
  Downloaded safemem v0.3.3
  Downloaded displaydoc v0.2.5
  Downloaded find-msvc-tools v0.1.2
  Downloaded base64 v0.22.1
  Downloaded env_logger v0.11.8
  Downloaded mime_guess v2.0.5
  Downloaded filetime v0.2.26
  Downloaded sha1_smol v1.0.1
  Downloaded potential_utf v0.1.3
  Downloaded deranged v0.5.4
  Downloaded semver v1.0.27
  Downloaded crossbeam-deque v0.8.6
  Downloaded quote v1.0.40
  Downloaded fallible-iterator v0.2.0
  Downloaded serde v1.0.226
  Downloaded either v1.15.0
  Downloaded rand_core v0.6.4
  Downloaded powerfmt v0.2.0
  Downloaded crc32fast v1.5.0
  Downloaded getrandom v0.2.16
  Downloaded smallvec v1.15.1
  Downloaded rustc-demangle v0.1.26
  Downloaded crossbeam-epoch v0.9.18
  Downloaded iana-time-zone v0.1.64
  Downloaded tinystr v0.8.1
  Downloaded icu_properties v2.0.1
  Downloaded once_cell v1.21.3
  Downloaded flate2 v1.1.2
  Downloaded litemap v0.8.0
  Downloaded stable_deref_trait v1.2.0
  Downloaded ascii v1.1.0
  Downloaded crossbeam-utils v0.8.21
  Downloaded anstyle-parse v0.2.7
  Downloaded ryu v1.0.20
  Downloaded time-core v0.1.6
  Downloaded webpki-roots v0.26.11
  Downloaded subtle v2.6.1
  Downloaded unicode-ident v1.0.19
  Downloaded getrandom v0.3.3
  Downloaded utf8_iter v1.0.4
  Downloaded httparse v1.10.1
  Downloaded icu_normalizer v2.0.0
  Downloaded proc-macro2 v1.0.101
  Downloaded icu_provider v2.0.0
  Downloaded log v0.4.28
  Downloaded indexmap v1.9.3
  Downloaded rustls-pki-types v1.12.0
  Downloaded miniz_oxide v0.8.9
  Downloaded icu_locale_core v2.0.0
  Downloaded icu_normalizer_data v2.0.0
  Downloaded multipart v0.18.0
  Downloaded serde_core v1.0.226
  Downloaded clap v4.5.48
  Downloaded icu_collections v2.0.0
  Downloaded rouille v3.6.2
  Downloaded rustls-webpki v0.103.6
  Downloaded cc v1.2.38
  Downloaded rand v0.8.5
  Downloaded yoke v0.8.0
  Downloaded writeable v0.6.1
  Downloaded zerovec-derive v0.11.1
  Downloaded memchr v2.7.5
  Downloaded unicase v2.8.1
  Downloaded shlex v1.3.0
  Downloaded synstructure v0.13.2
  Downloaded zeroize v1.8.1
  Downloaded indexmap v2.11.4
  Downloaded hashbrown v0.12.3
  Downloaded hashbrown v0.14.5
  Downloaded hashbrown v0.16.0
  Downloaded clap_builder v4.5.48
  Downloaded idna v1.1.0
  Downloaded icu_properties_data v2.0.1
  Downloaded rayon v1.11.0
  Downloaded regex v1.11.2
  Downloaded brotli-decompressor v4.0.3
  Downloaded chrono v0.4.42
  Downloaded tempfile v3.23.0
  Downloaded twoway v0.1.8
  Downloaded wasm-encoder v0.214.0
  Downloaded zerotrie v0.2.2
  Downloaded rustls v0.23.32
  Downloaded regex-syntax v0.8.6
  Downloaded rustix v1.1.2
  Downloaded regex-automata v0.4.10
  Downloaded gimli v0.26.2
  Downloaded jiff v0.2.15
  Downloaded libc v0.2.176
  Downloaded tiny_http v0.12.0
  Downloaded url v2.5.7
  Downloaded ureq v2.12.1
  Downloaded walrus v0.23.3
  Downloaded wasm-bindgen-cli-support v0.2.104
  Downloaded zerovec v0.11.4
  Downloaded time v0.3.44
  Downloaded ring v0.17.14
  Downloaded linux-raw-sys v0.11.0
  Downloaded zerocopy v0.8.27
  Downloaded wasmparser v0.214.0
  Downloaded syn v2.0.106
  Downloaded webpki-roots v1.0.2
   Compiling proc-macro2 v1.0.101
   Compiling unicode-ident v1.0.19
   Compiling cfg-if v1.0.3
   Compiling stable_deref_trait v1.2.0
   Compiling libc v0.2.176
   Compiling quote v1.0.40
   Compiling syn v2.0.106
   Compiling zerocopy v0.8.27
   Compiling serde_core v1.0.226
   Compiling autocfg v1.5.0
   Compiling memchr v2.7.5
   Compiling synstructure v0.13.2
   Compiling zerofrom-derive v0.1.6
   Compiling zerofrom v0.1.6
   Compiling yoke-derive v0.8.0
   Compiling yoke v0.8.0
   Compiling zerovec-derive v0.11.1
   Compiling displaydoc v0.2.5
   Compiling once_cell v1.21.3
   Compiling getrandom v0.2.16
   Compiling zerovec v0.11.4
   Compiling litemap v0.8.0
   Compiling writeable v0.6.1
   Compiling log v0.4.28
   Compiling crossbeam-utils v0.8.21
   Compiling serde v1.0.226
   Compiling tinystr v0.8.1
   Compiling potential_utf v0.1.3
   Compiling icu_locale_core v2.0.0
   Compiling zerotrie v0.2.2
   Compiling serde_derive v1.0.226
   Compiling find-msvc-tools v0.1.2
   Compiling icu_properties_data v2.0.1
   Compiling icu_normalizer_data v2.0.0
   Compiling shlex v1.3.0
   Compiling cc v1.2.38
   Compiling icu_provider v2.0.0
   Compiling icu_collections v2.0.0
   Compiling version_check v0.9.5
   Compiling bitflags v2.9.4
   Compiling ahash v0.8.12
   Compiling crossbeam-epoch v0.9.18
   Compiling ring v0.17.14
   Compiling rayon-core v1.13.0
   Compiling smallvec v1.15.1
   Compiling zeroize v1.8.1
   Compiling rustls-pki-types v1.12.0
   Compiling icu_normalizer v2.0.0
   Compiling icu_properties v2.0.1
   Compiling crossbeam-deque v0.8.6
   Compiling indexmap v1.9.3
   Compiling utf8parse v0.2.2
   Compiling getrandom v0.3.3
   Compiling heck v0.5.0
   Compiling rustix v1.1.2
   Compiling unicase v2.8.1
   Compiling mime_guess v2.0.5
   Compiling anstyle-parse v0.2.7
   Compiling idna_adapter v1.2.1
   Compiling rand_core v0.6.4
   Compiling ppv-lite86 v0.2.21
   Compiling aho-corasick v1.1.3
   Compiling num-traits v0.2.19
   Compiling httparse v1.10.1
   Compiling untrusted v0.9.0
   Compiling crc32fast v1.5.0
   Compiling colorchoice v1.0.4
   Compiling anyhow v1.0.100
   Compiling anstyle v1.0.11
   Compiling hashbrown v0.12.3
   Compiling equivalent v1.0.2
   Compiling either v1.15.0
   Compiling regex-syntax v0.8.6
   Compiling is_terminal_polyfill v1.70.1
   Compiling linux-raw-sys v0.11.0
   Compiling serde_json v1.0.145
   Compiling utf8_iter v1.0.4
   Compiling anstyle-query v1.1.4
   Compiling percent-encoding v2.3.2
   Compiling hashbrown v0.16.0
   Compiling indexmap v2.11.4
   Compiling form_urlencoded v1.2.2
   Compiling anstream v0.6.20
   Compiling idna v1.1.0
   Compiling regex-automata v0.4.10
   Compiling rayon v1.11.0
   Compiling rand_chacha v0.3.1
   Compiling hashbrown v0.14.5
   Compiling fastrand v2.3.0
   Compiling adler2 v2.0.1
   Compiling rustls v0.23.32
   Compiling alloc-no-stdlib v2.0.4
   Compiling semver v1.0.27
   Compiling itoa v1.0.15
   Compiling wasm-bindgen-shared v0.2.104
   Compiling mime v0.3.17
   Compiling ryu v1.0.20
   Compiling leb128 v0.2.5
   Compiling powerfmt v0.2.0
   Compiling fallible-iterator v0.2.0
   Compiling safemem v0.3.3
   Compiling buf_redux v0.8.4
   Compiling gimli v0.26.2
   Compiling deranged v0.5.4
   Compiling wasm-encoder v0.214.0
   Compiling wasmparser v0.214.0
   Compiling alloc-stdlib v0.2.2
   Compiling miniz_oxide v0.8.9
   Compiling tempfile v3.23.0
   Compiling rand v0.8.5
   Compiling rustls-webpki v0.103.6
   Compiling id-arena v2.2.1
   Compiling regex v1.11.2
   Compiling url v2.5.7
   Compiling walrus-macro v0.22.0
   Compiling webpki-roots v1.0.2
   Compiling twoway v0.1.8
   Compiling num_cpus v1.17.0
   Compiling time-core v0.1.6
   Compiling num-conv v0.1.0
   Compiling chunked_transfer v1.5.0
   Compiling num_threads v0.1.7
   Compiling subtle v2.6.1
   Compiling strsim v0.11.1
   Compiling iana-time-zone v0.1.64
   Compiling httpdate v1.0.3
   Compiling ascii v1.1.0
   Compiling quick-error v1.2.3
   Compiling base64 v0.22.1
   Compiling clap_lex v0.7.5
   Compiling clap_builder v4.5.48
   Compiling multipart v0.18.0
   Compiling tiny_http v0.12.0
   Compiling chrono v0.4.42
   Compiling time v0.3.44
   Compiling threadpool v1.8.1
   Compiling webpki-roots v0.26.11
   Compiling walrus v0.23.3
   Compiling env_filter v0.1.3
   Compiling flate2 v1.1.2
   Compiling brotli-decompressor v4.0.3
   Compiling clap_derive v4.5.47
   Compiling filetime v0.2.26
   Compiling sha1_smol v1.0.1
   Compiling rustc-demangle v0.1.26
   Compiling base64 v0.13.1
   Compiling jiff v0.2.15
   Compiling rouille v3.6.2
   Compiling env_logger v0.11.8
   Compiling wasm-bindgen-cli-support v0.2.104
   Compiling clap v4.5.48
   Compiling ureq v2.12.1
   Compiling wasm-bindgen-cli v0.2.104
    Finished `release` profile [optimized] target(s) in 1m 54s
warning: the following packages contain code that will be rejected by a future version of Rust: buf_redux v0.8.4, multipart v0.18.0
note: to see what the problems were, use the option `--future-incompat-report`, or run `cargo report future-incompatibilities --id 1`
  Installing /home/runner/work/_temp/eio/bindgen/bin/wasm-bindgen
  Installing /home/runner/work/_temp/eio/bindgen/bin/wasm-bindgen-test-runner
  Installing /home/runner/work/_temp/eio/bindgen/bin/wasm2es6js
   Installed package `wasm-bindgen-cli v0.2.104` (executables `wasm-bindgen`, `wasm-bindgen-test-runner`, `wasm2es6js`)
warning: be sure to add `/home/runner/work/_temp/eio/bindgen/bin` to your PATH to be able to run the installed binaries
